 center of mass (cm): 	0, 		0, 		0
Body frame orientation:
      attitude (s,v): 	1; 		0, 		0, 		0
 attitude (RPY){deg}: 	-0, 		0, 		-0
INTEROP object=orbital_vessel tick=3840 hla_time_us=60000000 time=7529673660.0001802 pos=-16661989133.395931,133459223270.78377,57768866753.331352 vel=-29189.707970201747,-1398.6529564298571,-691.02527568286257 quat=0.69236588269302779,-0.14362967827961096,0.14362967827961096,-0.69236588269302779 ang_vel=0,0,0
|L   0|2026/09/30,19:17:02.829150|{host}| |T 0|60.000000| TrickHLA::TrickThreadCoordinator::announce_data_available():775
|L   0|2026/09/30,19:17:02.829157|{host}| |T 0|60.000000| TrickHLA::TrickThreadCoordinator::wait_to_send_data():831
|L   0|2026/09/30,19:17:02.829164|{host}| |T 0|60.000000| TrickHLA::ObjectServices::send_cyclic_and_requested_data():1526 HLA-time:60.015625 seconds.
|L   0|2026/09/30,19:17:02.829172|{host}| |T 0|60.000000| TrickHLA::TrickThreadCoordinator::announce_data_sent():808
|L   0|2026/09/30,19:17:02.829179|{host}| |T 0|60.000000| TrickHLA::TimeManagementServices::perform_time_advance_request():986 Time Advance Request (TAR) to 60.015625 seconds.
|L   0|2026/09/30,19:17:02.829251|{host}| |T 0|60.015625| TrickHLA::TimeManagementServices::wait_for_time_advance_grant():1289 Waiting for Time Advance Grant (TAG) to 60.015625 seconds.
|L   0|2026/09/30,19:17:02.830356|{host}| |T 0|60.015625| TrickHLA::FedAmb::announceSynchronizationPoint():244 Label:'mtr_shutdown'
|L   0|2026/09/30,19:17:02.830383|{host}| |T 0|60.015625| SpaceFOM::ExecutionControl::sync_point_announced():466 Marked sync-point announced 'mtr_shutdown'
|L   2|2026/09/30,19:17:02.830402|{host}| |T 0|60.015625| SpaceFOM::ExecutionControl::check_for_shutdown_with_termination():2421 WARNING: his Federate 'orbital_observer' detected the Shutdown sync-point 'mtr_shutdown', for the 'orbital_8989' Federation.
|L   0|2026/09/30,19:17:02.830422|{host}| |T 0|60.015625| TrickHLA::Federate::shutdown():4178
|L   0|2026/09/30,19:17:02.830432|{host}| |T 0|60.015625| TrickHLA::TimeManagementServices::disable_time_constrained():1380 Disabling HLA Time Constrained.
|L   0|2026/09/30,19:17:02.830814|{host}| |T 0|60.015625| TrickHLA::TimeManagementServices::disable_time_regulating():1431 Disabling HLA Time Regulation.
|L   0|2026/09/30,19:17:02.833832|{host}| |T 0|60.015625| TrickHLA::Federate::resign():4318 Attempting to resign from Federation 'orbital_8989'
|L   0|2026/09/30,19:17:02.837043|{host}| |T 0|60.015625| TrickHLA::Federate::resign():4329 Resigned from Federation 'orbital_8989'
|L   0|2026/09/30,19:17:02.837086|{host}| |T 0|60.015625| TrickHLA::Federate::destroy():4447 Attempting to Destroy Federation 'orbital_8989'
|L   2|2026/09/30,19:17:02.837824|{host}| |T 0|60.015625| TrickHLA::Federate::destroy():4474 WARNING: RTI Exception 'Federation Execution Does Not Exist (909146015)'
|L   0|2026/09/30,19:17:02.837848|{host}| |T 0|60.015625| TrickHLA::Federate::destroy():4490 Attempting to disconnect from RTI.
|L   0|2026/09/30,19:17:02.841556|{host}| |T 0|60.015625| TrickHLA::Federate::destroy():4499 Disconnected from RTI.
|L   3|2026/09/30,19:17:03.341718|{host}| |T 0|60.015625| SpaceFOM::ExecutionControl::check_for_shutdown_with_termination():2430 ERROR: his Federate 'orbital_observer' detected the Shutdown sync-point 'mtr_shutdown', for the 'orbital_8989' Federation.
|L   0|2026/09/30,19:17:03.375711|{host}| |T 0|60.015625|
     REALTIME SHUTDOWN STATS:
            ACTUAL INIT TIME:        2.060
         ACTUAL ELAPSED TIME:       13.987
|L   0|2026/09/30,19:17:04.948318|{host}| |T 0|60.015625|
SIMULATION TERMINATED IN
  PROCESS: 0
  ROUTINE: {work}/spacefom-round11-20260930/TrickHLA-stock/source/TrickHLA/DebugHandler.cpp:0
  DIAGNOSTIC: SpaceFOM::ExecutionControl::check_for_shutdown_with_termination():2430 ERROR: his Federate 'orbital_observer' detected the Shutdown sync-point 'mtr_shutdown', for the 'orbital_8989' Federation.


              SIMULATION START TIME:        0.000
               SIMULATION STOP TIME:       60.016
            SIMULATION ELAPSED TIME:       60.016
                 USER CPU TIME USED:        8.066
               SYSTEM CPU TIME USED:        3.762
              SIMULATION / CPU TIME:        5.074
       INITIALIZATION USER CPU TIME:        2.197
     INITIALIZATION SYSTEM CPU TIME:        0.331
               SIMULATION RAM USAGE:      378.746MB
      (External program RAM usage not included!)
  VOLUNTARY CONTEXT SWITCHES (INIT):         7337
INVOLUNTARY CONTEXT SWITCHES (INIT):            9
   VOLUNTARY CONTEXT SWITCHES (RUN):       197869
 INVOLUNTARY CONTEXT SWITCHES (RUN):           51

