Welcome to Pitch pRTI Free. Note that it is limited to two federates. 
It may only be used for learning and testing purposes.
No production or commercial development use allowed.
Please read the End User License Agreement for more info.
connected hlt_us=0
synchronized objects_discovered hlt_us=0
exco current=1 next=1 hlt_us=0
exco current=1 next=1 hlt_us=0
synchronized root_frame_discovered hlt_us=0
synchronized prototype_metadata hlt_us=0
synchronized initialization_started hlt_us=0
time_constrained_and_regulating lookahead_us=15625 hlt_us=0
exco current=1 next=2 hlt_us=0
synchronized mtr_run hlt_us=0
exco current=2 next=2 hlt_us=0
run hlt_us=0
exco current=2 next=3 hlt_us=28984375
received_mtr mode=3 hlt_us=29984375
synchronized mtr_freeze hlt_us=30000000
exco current=3 next=3 hlt_us=30000000
freeze hlt_us=30000000
saved label=freeze_1920 bytes=38 hlt_us=30000000
federation_saved hlt_us=30000000
received_mtr mode=2 hlt_us=30000000
exco current=3 next=2 hlt_us=30000000
synchronized mtr_run hlt_us=30000000
exco current=2 next=2 hlt_us=30000000
run hlt_us=30000000
exco current=2 next=3 hlt_us=43984375
synchronized mtr_freeze hlt_us=45000000
exco current=3 next=3 hlt_us=45000000
freeze hlt_us=45000000
restored label=freeze_1920 bytes=38 reencoded_identical hlt_us=30000000
federation_restored hlt_us=30000000
rewound tick=1920 hlt_us=30000000
received_mtr mode=2 hlt_us=30000000
exco current=3 next=2 hlt_us=30000000
synchronized mtr_run hlt_us=30000000
exco current=2 next=2 hlt_us=30000000
run hlt_us=30000000
received_mtr mode=4 hlt_us=60000000
exco current=2 next=4 hlt_us=60000000
shutdown_marker_registered_unachieved hlt_us=60000000
shutdown frames=3841 hlt_us=60000000
destroyed_disconnected hlt_us=60000000
