Welcome to Pitch pRTI Free. Note that it is limited to two federates. 
It may only be used for learning and testing purposes.
No production or commercial development use allowed.
Please read the End User License Agreement for more info.
connected hlt_us=0
discovered ExCO hlt_us=0
discovered SolarSystemBarycentricInertial hlt_us=0
discovered orbital_vessel hlt_us=0
discovered body_10 hlt_us=0
discovered body_199 hlt_us=0
discovered body_299 hlt_us=0
discovered body_301 hlt_us=0
discovered body_399 hlt_us=0
discovered body_499 hlt_us=0
discovered body_5 hlt_us=0
discovered body_606 hlt_us=0
discovered body_699 hlt_us=0
discovered body_799 hlt_us=0
discovered body_8 hlt_us=0
synchronized objects_discovered hlt_us=0
exco current=1 next=1 hlt_us=0
synchronized root_frame_discovered hlt_us=0
synchronized prototype_metadata hlt_us=0
synchronized initialization_started hlt_us=0
exco current=1 next=2 hlt_us=0
time_constrained_and_regulating lookahead_us=15625 hlt_us=0
synchronized mtr_run hlt_us=0
run hlt_us=0
exco current=2 next=2 hlt_us=0
