Welcome to Pitch pRTI Free. Note that it is limited to two federates. 
It may only be used for learning and testing purposes.
No production or commercial development use allowed.
Please read the End User License Agreement for more info.
connected hlt_us=0
discovered ExCO hlt_us=0
discovered SolarSystemBarycentricInertial hlt_us=0
discovered orbital_vessel hlt_us=0
discovered body_10 hlt_us=0
discovered body_199 hlt_us=0
discovered body_299 hlt_us=0
discovered body_301 hlt_us=0
discovered body_399 hlt_us=0
discovered body_499 hlt_us=0
discovered body_5 hlt_us=0
discovered body_606 hlt_us=0
discovered body_699 hlt_us=0
discovered body_799 hlt_us=0
discovered body_8 hlt_us=0
synchronized objects_discovered hlt_us=0
exco current=1 next=1 hlt_us=0
exco current=1 next=1 hlt_us=0
synchronized root_frame_discovered hlt_us=0
synchronized prototype_metadata hlt_us=0
synchronized initialization_started hlt_us=0
time_constrained_and_regulating lookahead_us=15625 hlt_us=0
exco current=1 next=2 hlt_us=0
synchronized mtr_run hlt_us=0
run hlt_us=0
exco current=2 next=2 hlt_us=0
exco current=2 next=3 hlt_us=28984375
sent_mtr mode=3 hlt_us=29984375
synchronized mtr_freeze hlt_us=30000000
freeze hlt_us=30000000
exco current=3 next=3 hlt_us=30000000
saved label=freeze_1920 bytes=3060732 hlt_us=30000000
freeze_verified wall_ms=100 no_time_advance hlt_us=30000000
sent_mtr mode=2 hlt_us=30000000
exco current=3 next=2 hlt_us=30000000
synchronized mtr_run hlt_us=30000000
run hlt_us=30000000
exco current=2 next=2 hlt_us=30000000
exco current=2 next=3 hlt_us=43984375
synchronized mtr_freeze hlt_us=45000000
freeze hlt_us=45000000
exco current=3 next=3 hlt_us=45000000
restored label=freeze_1920 bytes=3060732 reencoded_identical hlt_us=30000000
