connected hlt_us=0
joined hlt_us=0
late_joiner_determined hlt_us=0
discovered ExCO hlt_us=0
discovered SolarSystemBarycentricInertial hlt_us=0
discovered body_10 hlt_us=0
discovered body_199 hlt_us=0
discovered body_299 hlt_us=0
discovered body_301 hlt_us=0
discovered body_399 hlt_us=0
discovered body_499 hlt_us=0
discovered body_5 hlt_us=0
discovered body_606 hlt_us=0
discovered body_699 hlt_us=0
discovered body_799 hlt_us=0
discovered body_8 hlt_us=0
discovered orbital_vessel hlt_us=0
requested ExCO hlt_us=0
ExCO root=SolarSystemBarycentricInertial current=2 next=3 hlt_us=0
achieved mtr_freeze hlt_us=0
achieved mtr_run hlt_us=0
