INFO  [c++] (Runtime) RID file processing finished
19:49:38,540 INFO  [main] portico.lrc: LRC initialized (HLA version: IEEE1516e)
19:49:38,544 INFO  [main] portico.lrc: Opening LRC Connection
19:49:38,545 INFO  [main] portico.lrc.jgroups: jgroups connection is up and running
INFO  [rti-1] Initialized new JavaRTI (rti-1)
INFO  [c++] (Runtime) Created new JavaRTI [id:1]
connected hlt_us=0

-------------------------------------------------------------------
GMS: address={host}-22915, cluster=orbital_31417, physical address=127.0.0.1:60968
-------------------------------------------------------------------
19:49:41,924 WARN  [main] portico.lrc.jgroups: No co-ordinator found - appointing myself!
19:49:41,964 INFO  [Regular] portico.lrc.jgroups: Federation [orbital_31417] has been created
19:49:41,966 INFO  [main] portico.lrc.jgroups: SUCCESS createFederation: name=orbital_31417
19:49:41,967 INFO  [main] portico.lrc: SUCCESS Created federation execution [orbital_31417]
19:49:41,983 INFO  [Regular] portico.lrc.jgroups: Federate [orbital_master] joined federation [orbital_31417]
19:49:42,985 INFO  [main] portico.lrc.jgroups: SUCCESS Joined federation with name=orbital_master
19:49:43,004 INFO  [main] portico.lrc: SUCCESS Joined federate [orbital_master] to federation [orbital_31417]: handle=1
19:49:43,018 INFO  [main] portico.lrc: SUCCESS Published [736] with attributes [737, 738, 739, 740, 741, 742, 502, 743]
19:49:43,020 INFO  [main] portico.lrc: SUCCESS Published [746] with attributes [502, 747, 748, 749]
19:49:43,022 INFO  [main] portico.lrc: SUCCESS Published [755] with attributes [756, 757, 502, 759, 760, 762, 763, 764]
I am coordinator - received request for me from b81a64ef-9c58-4dd5-bddc-66beebc22cec
19:49:43,024 INFO  [main] portico.lrc: SUCCESS Subscribed to interaction class [744]
19:49:43,028 INFO  [main] portico.lrc: SUCCESS Register instance of class [736], object handle=2
19:49:43,030 INFO  [main] portico.lrc: SUCCESS Register instance of class [746], object handle=3
19:49:43,032 INFO  [main] portico.lrc: SUCCESS Register instance of class [755], object handle=4
19:49:43,034 INFO  [main] portico.lrc: SUCCESS Register instance of class [746], object handle=5
19:49:43,036 INFO  [main] portico.lrc: SUCCESS Register instance of class [746], object handle=6
19:49:43,038 INFO  [main] portico.lrc: SUCCESS Register instance of class [746], object handle=7
19:49:43,040 INFO  [main] portico.lrc: SUCCESS Register instance of class [746], object handle=8
19:49:43,042 INFO  [main] portico.lrc: SUCCESS Register instance of class [746], object handle=9
19:49:43,044 INFO  [main] portico.lrc: SUCCESS Register instance of class [746], object handle=10
19:49:43,046 INFO  [main] portico.lrc: SUCCESS Register instance of class [746], object handle=11
19:49:43,048 INFO  [main] portico.lrc: SUCCESS Register instance of class [746], object handle=12
19:49:43,050 INFO  [main] portico.lrc: SUCCESS Register instance of class [746], object handle=13
19:49:43,053 INFO  [main] portico.lrc: SUCCESS Register instance of class [746], object handle=14
19:49:43,056 INFO  [main] portico.lrc: SUCCESS Register instance of class [746], object handle=15
19:49:43,058 WARN  [main] portico.lrc: The IEEE 1516e interface doesn't yet support getFederateHandle()
INFO  [rti-1] Exception received: NullPointerException
INFO  [rti-1] java.lang.NullPointerException: Cannot read field "handle" because "handle" is null
	at org.portico.impl.hla1516e.types.HLA1516eHandle.fromHandle(HLA1516eHandle.java:172)
	at org.portico.impl.cpp1516e.ProxyRtiAmbassador.getFederateHandle(ProxyRtiAmbassador.java:1730)

ERROR [exception-hacks]: Unknown Exception: NullPointerException
INFO  [c++] (Runtime) Removing removing JavaRTI reference [id:1]
