pwsh.exe : CMake Warning (deprecated) at CMakeLists.txt:1 (cmake_minimum_required):
At line:1 char:207
+ ... build.log'; & pwsh -NoProfile -File "{work}\2207-space ...
+                 ~~~~~~~~~~~~~~~~~~~~~~~~~~~~~~~~~~~~~~~~~~~~~~~~~~~~~~~~~
    + CategoryInfo          : NotSpecified: (CMake Warning (...imum_required)::String) [], RemoteException
    + FullyQualifiedErrorId : NativeCommandError
 
  Compatibility with CMake < 3.10 will be removed from a future version of
  CMake.

  Update the VERSION argument <min> value.  Or, use the <min>...<max> syntax
  to tell CMake that the project requires at least <min> but has been updated
  to work with policies introduced by <max> or earlier.
This warning is for project developers.  Use -Wno-author or -Wno-deprecated
to suppress it.

-- Selecting Windows SDK version 10.0.26100.0 to target Windows 10.0.26200.
-- Could NOT find EXPAT (missing: EXPAT_LIBRARY EXPAT_INCLUDE_DIR) 
-- Could NOT find ZLIB (missing: ZLIB_LIBRARY ZLIB_INCLUDE_DIR) 
-- Configuring done (0.5s)
-- Generating done (0.9s)
-- Build files have been written to: {work}/2207-spacefom-candidate/out/transport/openrti-build
MSBuild version 17.14.51+25f168cee for .NET Framework

  fedtime1516eStub.vcxproj -> {work}\2207-spacefom-candidate\out\transport\openrti-build\lib\Release\fedtime1516eStub.lib
  OpenRTI.vcxproj -> {work}\2207-spacefom-candidate\out\transport\openrti-build\bin\Release\OpenRTI.dll
  socketaddress.vcxproj -> {work}\2207-spacefom-candidate\out\transport\openrti-build\bin\Release\socketaddress.exe
  rtinode.vcxproj -> {work}\2207-spacefom-candidate\out\transport\openrti-build\bin\Release\rtinode.exe
  url.vcxproj -> {work}\2207-spacefom-candidate\out\transport\openrti-build\bin\Release\url.exe
  threads.vcxproj -> {work}\2207-spacefom-candidate\out\transport\openrti-build\bin\Release\threads.exe
  RTIambassadorImplementation.cpp
     Creating library {work}/2207-spacefom-candidate/out/transport/openrti-build/lib/Release/rti1516e.lib and object {work}/2207-spacefom-candidate/out/transport/openrti-build/lib/Release/rti1516e.exp
  rti1516e.vcxproj -> {work}\2207-spacefom-candidate\out\transport\openrti-build\bin\Release\librti1516e.dll
  fedtime1516e.vcxproj -> {work}\2207-spacefom-candidate\out\transport\openrti-build\bin\Release\libfedtime1516e.dll
  logical-time-1516e.vcxproj -> {work}\2207-spacefom-candidate\out\transport\openrti-build\bin\Release\logical-time-1516e.exe
  encode-1516e.vcxproj -> {work}\2207-spacefom-candidate\out\transport\openrti-build\bin\Release\encode-1516e.exe
  modules-1516e.vcxproj -> {work}\2207-spacefom-candidate\out\transport\openrti-build\bin\Release\modules-1516e.exe
  link-1516e.vcxproj -> {work}\2207-spacefom-candidate\out\transport\openrti-build\bin\Release\link-1516e.exe
  fddget-1516e.vcxproj -> {work}\2207-spacefom-candidate\out\transport\openrti-build\bin\Release\fddget-1516e.exe
  1>
  -- Install configuration: "Release"
  -- Up-to-date: {work}/2207-spacefom-candidate/out/transport/runtime/lib/OpenRTI.lib
  -- Up-to-date: {work}/2207-spacefom-candidate/out/transport/runtime/bin/OpenRTI.dll
  -- Up-to-date: {work}/2207-spacefom-candidate/out/transport/runtime/bin/rtinode.exe
  -- Up-to-date: {work}/2207-spacefom-candidate/out/transport/runtime/lib/fedtime1516e.lib
  -- Up-to-date: {work}/2207-spacefom-candidate/out/transport/runtime/bin/libfedtime1516e.dll
  -- Up-to-date: {work}/2207-spacefom-candidate/out/transport/runtime/lib/rti1516e.lib
  -- Installing: {work}/2207-spacefom-candidate/out/transport/runtime/bin/librti1516e.dll
  -- Up-to-date: {work}/2207-spacefom-candidate/out/transport/runtime/include/rti1516e/RTI/Enums.h
  -- Up-to-date: {work}/2207-spacefom-candidate/out/transport/runtime/include/rti1516e/RTI/Exception.h
  -- Up-to-date: {work}/2207-spacefom-candidate/out/transport/runtime/include/rti1516e/RTI/FederateAmbassador.h
  -- Up-to-date: {work}/2207-spacefom-candidate/out/transport/runtime/include/rti1516e/RTI/Handle.h
  -- Up-to-date: {work}/2207-spacefom-candidate/out/transport/runtime/include/rti1516e/RTI/LogicalTimeFactory.h
  -- Up-to-date: {work}/2207-spacefom-candidate/out/transport/runtime/include/rti1516e/RTI/LogicalTime.h
  -- Up-to-date: {work}/2207-spacefom-candidate/out/transport/runtime/include/rti1516e/RTI/LogicalTimeInterval.h
  -- Up-to-date: {work}/2207-spacefom-candidate/out/transport/runtime/include/rti1516e/RTI/RangeBounds.h
  -- Up-to-date: {work}/2207-spacefom-candidate/out/transport/runtime/include/rti1516e/RTI/NullFederateAmbassador.h
  -- Up-to-date: {work}/2207-spacefom-candidate/out/transport/runtime/include/rti1516e/RTI/RTI1516.h
  -- Up-to-date: {work}/2207-spacefom-candidate/out/transport/runtime/include/rti1516e/RTI/RTIambassadorFactory.h
  -- Up-to-date: {work}/2207-spacefom-candidate/out/transport/runtime/include/rti1516e/RTI/RTIambassador.h
  -- Up-to-date: {work}/2207-spacefom-candidate/out/transport/runtime/include/rti1516e/RTI/SpecificConfig.h
  -- Up-to-date: {work}/2207-spacefom-candidate/out/transport/runtime/include/rti1516e/RTI/Typedefs.h
  -- Up-to-date: {work}/2207-spacefom-candidate/out/transport/runtime/include/rti1516e/RTI/VariableLengthData.h
  -- Up-to-date: {work}/2207-spacefom-candidate/out/transport/runtime/include/rti1516e/RTI/encoding/BasicDataElements.h
  -- Up-to-date: {work}/2207-spacefom-candidate/out/transport/runtime/include/rti1516e/RTI/encoding/DataElement.h
  -- Up-to-date: {work}/2207-spacefom-candidate/out/transport/runtime/include/rti1516e/RTI/encoding/EncodingExceptions.h
  -- Up-to-date: {work}/2207-spacefom-candidate/out/transport/runtime/include/rti1516e/RTI/encoding/EncodingConfig.h
  -- Up-to-date: {work}/2207-spacefom-candidate/out/transport/runtime/include/rti1516e/RTI/encoding/HLAfixedArray.h
  -- Up-to-date: {work}/2207-spacefom-candidate/out/transport/runtime/include/rti1516e/RTI/encoding/HLAfixedRecord.h
  -- Up-to-date: {work}/2207-spacefom-candidate/out/transport/runtime/include/rti1516e/RTI/encoding/HLAopaqueData.h
  -- Up-to-date: {work}/2207-spacefom-candidate/out/transport/runtime/include/rti1516e/RTI/encoding/HLAvariableArray.h
  -- Up-to-date: {work}/2207-spacefom-candidate/out/transport/runtime/include/rti1516e/RTI/encoding/HLAvariantRecord.h
  -- Up-to-date: {work}/2207-spacefom-candidate/out/transport/runtime/include/rti1516e/RTI/time/HLAfloat64Interval.h
  -- Up-to-date: {work}/2207-spacefom-candidate/out/transport/runtime/include/rti1516e/RTI/time/HLAfloat64TimeFactory.h
  -- Up-to-date: {work}/2207-spacefom-candidate/out/transport/runtime/include/rti1516e/RTI/time/HLAfloat64Time.h
  -- Up-to-date: {work}/2207-spacefom-candidate/out/transport/runtime/include/rti1516e/RTI/time/HLAinteger64Interval.h
  -- Up-to-date: {work}/2207-spacefom-candidate/out/transport/runtime/include/rti1516e/RTI/time/HLAinteger64TimeFactory.h
  -- Up-to-date: {work}/2207-spacefom-candidate/out/transport/runtime/include/rti1516e/RTI/time/HLAinteger64Time.h
  -- Up-to-date: {work}/2207-spacefom-candidate/out/transport/runtime/share/OpenRTI/rti1516e/HLAstandardMIM.xml
-- Selecting Windows SDK version 10.0.26100.0 to target Windows 10.0.26200.
-- The CXX compiler identification is MSVC 19.44.35228.0
-- Detecting CXX compiler ABI info
-- Detecting CXX compiler ABI info - done
-- Check for working CXX compiler: C:/Program Files (x86)/Microsoft Visual Studio/2022/BuildTools/VC/Tools/MSVC/14.44.35207/bin/Hostx64/x64/cl.exe - skipped
-- Detecting CXX compile features
-- Detecting CXX compile features - done
-- Configuring done (2.1s)
-- Generating done (0.1s)
-- Build files have been written to: {work}/2207-spacefom-candidate/out/transport/adapter-build
MSBuild version 17.14.51+25f168cee for .NET Framework

  1>Checking Build System
  Building Custom Rule {work}/2207-spacefom-candidate/native/spacefom/CMakeLists.txt
  Building Custom Rule {work}/2207-spacefom-candidate/native/spacefom/CMakeLists.txt
  publisher.cpp
  observer.cpp
{work}\2207-spacefom-candidate\native\spacefom\observer.cpp(87,21): error C2220: the following warning is treated as an error [{work}\2207-spacefom-candidate\out\transport\adapter-build\spacefom-observer.vcxproj]
{work}\2207-spacefom-candidate\native\spacefom\observer.cpp(87,21): warning C4458: declaration of 'tick' hides class member [{work}\2207-spacefom-candidate\out\transport\adapter-build\spacefom-observer.vcxproj]
      {work}\2207-spacefom-candidate\native\spacefom\observer.cpp(12,13):
      see declaration of 'Observer::tick'
  
{work}\2207-spacefom-candidate\native\spacefom\observer.cpp(98,27): warning C4458: declaration of 'tick' hides class member [{work}\2207-spacefom-candidate\out\transport\adapter-build\spacefom-observer.vcxproj]
      {work}\2207-spacefom-candidate\native\spacefom\observer.cpp(12,13):
      see declaration of 'Observer::tick'
  
{work}\2207-spacefom-candidate\native\spacefom\observer.cpp(100,33): warning C4458: declaration of 'tick' hides class member [{work}\2207-spacefom-candidate\out\transport\adapter-build\spacefom-observer.vcxproj]
      {work}\2207-spacefom-candidate\native\spacefom\observer.cpp(12,13):
      see declaration of 'Observer::tick'
  
{work}\2207-spacefom-candidate\native\spacefom\observer.cpp(136,21): warning C4458: declaration of 'tick' hides class member [{work}\2207-spacefom-candidate\out\transport\adapter-build\spacefom-observer.vcxproj]
      {work}\2207-spacefom-candidate\native\spacefom\observer.cpp(12,13):
      see declaration of 'Observer::tick'
  
  spacefom-publisher.vcxproj -> {work}\2207-spacefom-candidate\out\transport\adapter-build\Release\spacefom-publisher.exe
[31;1mException: [0m{work}\2207-spacefom-candidate\tools\build-spacefom-native.ps1:9[0m
[31;1m[0m[36;1mLine |[0m
[31;1m[0m[36;1m[36;1m   9 | [0m .  ($LASTEXITCODE -ne 0) { [36;1mthrow "$Command failed with $LASTEXITCODE"[0m 
}[0m
[31;1m[0m[36;1m[36;1m[0m[36;1m[0m[36;1m     | [31;1m                            
~~~~~~~~~~~~~~~~~~~~~~~~~~~~~~~~~~~~~~~~~~[0m
[31;1m[0m[36;1m[36;1m[0m[36;1m[0m[36;1m[31;1m[31;1m[36;1m     | [31;1mcmake failed with 1[0m
