-- Selecting Windows SDK version 10.0.26100.0 to target Windows 10.0.26200.
-- The CXX compiler identification is MSVC 19.44.35228.0
-- Detecting CXX compiler ABI info
-- Detecting CXX compiler ABI info - done
-- Check for working CXX compiler: C:/Program Files (x86)/Microsoft Visual Studio/2022/BuildTools/VC/Tools/MSVC/14.44.35207/bin/Hostx64/x64/cl.exe - skipped
-- Detecting CXX compile features
-- Detecting CXX compile features - done
-- Configuring done (1.8s)
-- Generating done (0.0s)
-- Build files have been written to: {work}/2207-spacefom-candidate/out/r6-saverestore
MSBuild version 17.14.51+25f168cee for .NET Framework

  1>Checking Build System
  Building Custom Rule {work}/2207-spacefom-candidate/qualification/saverestore/CMakeLists.txt
  state-roundtrip.cpp
{work}\2207-spacefom-candidate\native\spacefom\observer.cpp(87,21): error C2220: the following warning is treated as an error [{work}\2207-spacefom-candidate\out\r6-saverestore\spacefom-state-roundtrip.vcxproj]
  (compiling source file '../../qualification/saverestore/state-roundtrip.cpp')
  
{work}\2207-spacefom-candidate\native\spacefom\observer.cpp(87,21): warning C4458: declaration of 'tick' hides class member [{work}\2207-spacefom-candidate\out\r6-saverestore\spacefom-state-roundtrip.vcxproj]
  (compiling source file '../../qualification/saverestore/state-roundtrip.cpp')
      {work}\2207-spacefom-candidate\native\spacefom\observer.cpp(12,13):
      see declaration of 'Observer::tick'
  
{work}\2207-spacefom-candidate\native\spacefom\observer.cpp(98,27): warning C4458: declaration of 'tick' hides class member [{work}\2207-spacefom-candidate\out\r6-saverestore\spacefom-state-roundtrip.vcxproj]
  (compiling source file '../../qualification/saverestore/state-roundtrip.cpp')
      {work}\2207-spacefom-candidate\native\spacefom\observer.cpp(12,13):
      see declaration of 'Observer::tick'
  
{work}\2207-spacefom-candidate\native\spacefom\observer.cpp(100,33): warning C4458: declaration of 'tick' hides class member [{work}\2207-spacefom-candidate\out\r6-saverestore\spacefom-state-roundtrip.vcxproj]
  (compiling source file '../../qualification/saverestore/state-roundtrip.cpp')
      {work}\2207-spacefom-candidate\native\spacefom\observer.cpp(12,13):
      see declaration of 'Observer::tick'
  
{work}\2207-spacefom-candidate\native\spacefom\observer.cpp(136,21): warning C4458: declaration of 'tick' hides class member [{work}\2207-spacefom-candidate\out\r6-saverestore\spacefom-state-roundtrip.vcxproj]
  (compiling source file '../../qualification/saverestore/state-roundtrip.cpp')
      {work}\2207-spacefom-candidate\native\spacefom\observer.cpp(12,13):
      see declaration of 'Observer::tick'
  
