|L   0|2026/09/29,01:42:42.950525|{host}| |T 0|0.000000| [00mFederate::print_version():227
     TrickHLA-version:'v3.2.2'
TrickHLA-release-date:'2026-04-01'
             RTI-name:'pRTI Evolved'
          RTI-version:'5.5.10'
[00m|L   2|2026/09/29,01:42:42.951462|{host}| |T 0|0.000000| [33mSpaceFOM::ExecutionControl::set_least_common_time_step():3036 This is not a Master federate so this setting will be ignored.
[00m|L   0|2026/09/29,01:42:42.951972|{host}| |T 0|0.000000| [00mTimeManagementServices::initialize_thread_state():157 Trick main thread (id:0, data_cycle:0.016).
[00m|L   0|2026/09/29,01:42:42.952512|{host}| |T 0|0.000000| [00mTrickThreadCoordinator::initialize_thread_coordinator():346 Trick main thread (id:0, data_cycle:0.015625000).
[00m|L   0|2026/09/29,01:42:42.953762|{host}| |T 0|0.000000| [00mTrickThreadCoordinator::verify_trick_thread_associations():689
[00m|L   0|2026/09/29,01:42:42.955827|{host}| |T 0|0.000000| [00mFederate::initialize():388 Federate:"orbital_observer" Type:"True"
[00m|L   0|2026/09/29,01:42:42.956390|{host}| |T 0|0.000000| [00mFedAmb::initialize():157 Federate:"orbital_observer"
[00m|L   0|2026/09/29,01:42:42.956934|{host}| |T 0|0.000000| [00mSpaceFOM::ExecutionControl::initialize():193 Initialization-Scheme:'SpaceFOM'
[00m|L   0|2026/09/29,01:42:42.957601|{host}| |T 0|0.000000| [00mObject::initialize():245 Name:'ExCO' FOM_name:'ExecutionConfiguration' create_HLA_instance:False
[00m|L   0|2026/09/29,01:42:42.958152|{host}| |T 0|0.000000| [00mSpaceFOM::ExecutionControl::initialize():255
    I AM NOT THE PRESET MASTER
[00m|L   0|2026/09/29,01:42:42.958626|{host}| |T 0|0.000000| [00mFederate::restart_initialization():410
[00m|L   0|2026/09/29,01:42:42.959121|{host}| |T 0|0.000000| [00mTimeManagementServices::restart_initialization():184
[00m|L   0|2026/09/29,01:42:42.959583|{host}| |T 0|0.000000| [00mManager::setup_all_ref_attributes():1061
[00m|L   0|2026/09/29,01:42:42.960111|{host}| |T 0|0.000000| [00mManager::setup_object_ref_attributes():1110
[00m|L   0|2026/09/29,01:42:42.960533|{host}| |T 0|0.000000| [00mObject::initialize():245 Name:'ExCO' FOM_name:'ExecutionConfiguration' create_HLA_instance:False
[00m|L   0|2026/09/29,01:42:42.961432|{host}| |T 0|0.000000| [00mManager::setup_object_ref_attributes():1110
[00m|L   0|2026/09/29,01:42:42.961899|{host}| |T 0|0.000000| [00mObject::initialize():245 Name:'SolarSystemBarycentricInertial' FOM_name:'ReferenceFrame' create_HLA_instance:False
[00m|L   0|2026/09/29,01:42:42.962457|{host}| |T 0|0.000000| [00mObject::initialize():245 Name:'body_10' FOM_name:'ReferenceFrame' create_HLA_instance:False
[00m|L   0|2026/09/29,01:42:42.962951|{host}| |T 0|0.000000| [00mObject::initialize():245 Name:'orbital_vessel' FOM_name:'PhysicalEntity' create_HLA_instance:False
[00m|L   0|2026/09/29,01:42:42.963486|{host}| |T 0|0.000000| [00mManager::setup_interaction_ref_attributes():1168
[00m|L   0|2026/09/29,01:42:42.963983|{host}| |T 0|0.000000| [00mSpaceFOM::ExecutionControl::setup_interaction_ref_attributes():374 FOM-Parameter:'execution_mode' NOTE: This is an auto-generated parameter so there is no associated 'Trick-Name'.
[00m|L   0|2026/09/29,01:42:42.964451|{host}| |T 0|0.000000| [00mFederate::create_RTI_ambassador_and_connect():619 Local settings designator for RTI connection:'crcHost = {crc-host}
 crcPort = 8989'
[00mWelcome to Pitch pRTI Free. Note that it is limited to two federates. 
It may only be used for learning and testing purposes.
No production or commercial development use allowed.
Please read the End User License Agreement for more info.
|L   0|2026/09/29,01:42:43.363654|{host}| |T 0|0.000000| [00mFederate::create_federation():2581 Attempting to create Federation 'orbital_8989'
[00m|L   0|2026/09/29,01:42:43.366743|{host}| |T 0|0.000000| [00mFederate::create_federation():2636 Federation already exists for 'orbital_8989'
[00m|L   0|2026/09/29,01:42:43.367235|{host}| |T 0|0.000000| [00mFederate::join_federation():2803 Attempting to Join Federation 'orbital_8989'
[00m|L   0|2026/09/29,01:42:43.567359|{host}| |T 0|0.000000| [00mFedAmb::announceSynchronizationPoint():286 Label:'initialization_started'
[00m|L   0|2026/09/29,01:42:43.568096|{host}| |T 0|0.000000| [00mSpaceFOM::ExecutionControl::sync_point_announced():466 Marked sync-point announced:'initialization_started'
[00m|L   0|2026/09/29,01:42:43.569286|{host}| |T 0|0.000000| [00mFedAmb::announceSynchronizationPoint():286 Label:'root_frame_discovered'
[00m|L   0|2026/09/29,01:42:43.569759|{host}| |T 0|0.000000| [00mSpaceFOM::ExecutionControl::sync_point_announced():466 Marked sync-point announced:'root_frame_discovered'
[00m|L   0|2026/09/29,01:42:43.570374|{host}| |T 0|0.000000| [00mFedAmb::announceSynchronizationPoint():286 Label:'prototype_metadata'
[00m|L   0|2026/09/29,01:42:43.570787|{host}| |T 0|0.000000| [00mFederate::join_federation():2828 Joined Federation 'orbital_8989', Federate-Handle:FederateHandle<3>
[00m|L   0|2026/09/29,01:42:43.570850|{host}| |T 0|0.000000| [00mSpaceFOM::ExecutionControl::sync_point_announced():446 Unrecognized sync-point:'prototype_metadata', which will be achieved.
[00m|L   0|2026/09/29,01:42:43.571344|{host}| |T 0|0.000000| [00mFederate::enable_async_delivery():3023 Enabling Asynchronous Delivery
[00m|L   0|2026/09/29,01:42:43.571852|{host}| |T 0|0.000000| [00mSyncPointList::achieve_sync_point():877 Known Sync-point [prototype_metadata] -- SYNC_PT_STATE_ANNOUNCED
[00m|L   0|2026/09/29,01:42:43.572428|{host}| |T 0|0.000000| [00mExecutionControl::join_federation_process():354 Checking for shutdown
[00m|L   0|2026/09/29,01:42:43.573284|{host}| |T 0|0.000000| [00mFedAmb::announceSynchronizationPoint():286 Label:'objects_discovered'
[00m|L   0|2026/09/29,01:42:43.573301|{host}| |T 0|0.000000| [00mFederate::initialize_MOM_handles():1626
[00m|L   0|2026/09/29,01:42:43.573813|{host}| |T 0|0.000000| [00mSpaceFOM::ExecutionControl::sync_point_announced():466 Marked sync-point announced:'objects_discovered'
[00m|L   0|2026/09/29,01:42:43.575335|{host}| |T 0|0.000000| [00mSpaceFOM::ExecutionControl::role_determination_process():687 Waiting...
[00m|L   0|2026/09/29,01:42:43.575868|{host}| |T 0|0.000000| [00mSpaceFOM::ExecutionControl::role_determination_process():791 This is an Early Joining Federate.
[00m|L   0|2026/09/29,01:42:43.576340|{host}| |T 0|0.000000| [00mSyncPointList::wait_for_announced():801 Sync-point announced: [initialization_started] -- SYNC_PT_STATE_ANNOUNCED
[00m|L   0|2026/09/29,01:42:43.576788|{host}| |T 0|0.000000| [00mSyncPointList::wait_for_announced():801 Sync-point announced: [objects_discovered] -- SYNC_PT_STATE_ANNOUNCED
[00m|L   0|2026/09/29,01:42:43.577225|{host}| |T 0|0.000000| [00mSyncPointList::wait_for_announced():801 Sync-point announced: [root_frame_discovered] -- SYNC_PT_STATE_ANNOUNCED
[00m|L   0|2026/09/29,01:42:43.577660|{host}| |T 0|0.000000| [00mManager::setup_all_RTI_handles():1217
[00m|L   0|2026/09/29,01:42:43.578179|{host}| |T 0|0.000000| [00mManager::setup_object_RTI_handles():1269
[00m|L   0|2026/09/29,01:42:43.578811|{host}| |T 0|0.000000| [00mManager::setup_object_RTI_handles():1269
[00m|L   0|2026/09/29,01:42:43.579448|{host}| |T 0|0.000000| [00mManager::setup_interaction_RTI_handles():1467
[00m|L   0|2026/09/29,01:42:43.579976|{host}| |T 0|0.000000| [00mManager::setup_interaction_RTI_handles():1467
[00m|L   0|2026/09/29,01:42:43.580397|{host}| |T 0|0.000000| [00mManager::publish_and_subscribe():1788
[00m|L   0|2026/09/29,01:42:43.580839|{host}| |T 0|0.000000| [00mObject::subscribe_to_object_attributes():1038 For object 'SolarSystemBarycentricInertial'.
[00m|L   0|2026/09/29,01:42:43.582636|{host}| |T 0|0.000000| [00mObject::subscribe_to_object_attributes():1038 For object 'body_10'.
[00m|L   0|2026/09/29,01:42:43.583360|{host}| |T 0|0.000000| [00mObject::subscribe_to_object_attributes():1038 For object 'orbital_vessel'.
[00m|L   0|2026/09/29,01:42:43.583990|{host}| |T 0|0.000000| [00mObject::subscribe_to_object_attributes():1038 For object 'ExCO'.
[00m|L   0|2026/09/29,01:42:43.584706|{host}| |T 0|0.000000| [00mInteraction::publish_interaction():483 Interaction 'ModeTransitionRequest'.
[00m|L   0|2026/09/29,01:42:43.585336|{host}| |T 0|0.000000| [00mManager::reserve_object_names_with_RTI():1801
[00m|L   0|2026/09/29,01:42:43.585850|{host}| |T 0|0.000000| [00mManager::wait_for_reservation_of_object_names():1820
[00m|L   0|2026/09/29,01:42:43.586266|{host}| |T 0|0.000000| [00mManager::wait_for_reservation_of_object_names():1833 All Object instance names reserved.
[00m|L   0|2026/09/29,01:42:43.586810|{host}| |T 0|0.000000| [00mManager::register_objects_with_RTI():1850
[00m|L   0|2026/09/29,01:42:43.587189|{host}| |T 0|0.000000| [00mExecutionControlBase::register_objects_with_RTI():456
[00m|L   0|2026/09/29,01:42:43.587618|{host}| |T 0|0.000000| [00mManager::wait_for_registration_of_required_objects():1905
[00m|L   0|2026/09/29,01:42:43.588071|{host}| |T 0|0.000000| [00mManager::wait_for_registration_of_required_objects():2005
REQUIRED-OBJECTS:4  Total-Objects:4
  1:Object instance 'ExCO' for class 'ExecutionConfiguration' is REQUIRED and is Not Registered
  2:Object instance 'SolarSystemBarycentricInertial' for class 'ReferenceFrame' is REQUIRED and is Not Registered
  3:Object instance 'body_10' for class 'ReferenceFrame' is REQUIRED and is Not Registered
  4:Object instance 'orbital_vessel' for class 'PhysicalEntity' is REQUIRED and is Not Registered
[00m|L   0|2026/09/29,01:42:43.603802|{host}| |T 0|0.000000| [00mFedAmb::discoverObjectInstance():658 DISCOVERED 'body_5' Instance-ID:HandleKind<110>
[00m|L   2|2026/09/29,01:42:43.606336|{host}| |T 0|0.000000| [33mFedAmb::discoverObjectInstance():676 Object 'body_5' with Instance-ID:HandleKind<110> is UNKNOWN to me!
[00m|L   0|2026/09/29,01:42:43.606978|{host}| |T 0|0.000000| [00mFedAmb::discoverObjectInstance():658 DISCOVERED 'body_499' Instance-ID:HandleKind<109>
[00m|L   2|2026/09/29,01:42:43.607419|{host}| |T 0|0.000000| [33mFedAmb::discoverObjectInstance():676 Object 'body_499' with Instance-ID:HandleKind<109> is UNKNOWN to me!
[00m|L   0|2026/09/29,01:42:43.607870|{host}| |T 0|0.000000| [00mFedAmb::discoverObjectInstance():658 DISCOVERED 'ExCO' Instance-ID:HandleKind<101>
[00m|L   0|2026/09/29,01:42:43.608300|{host}| |T 0|0.000000| [00mManager::discover_object_instance():2652 Data-Object 'ExCO' Instance-ID:HandleKind<101>
[00m|L   0|2026/09/29,01:42:43.608735|{host}| |T 0|0.000000| [00mManager::wait_for_registration_of_required_objects():2005
REQUIRED-OBJECTS:4  Total-Objects:4
  1:Object instance 'ExCO' (ID:HandleKind<101>) for class 'ExecutionConfiguration' is REQUIRED and is REGISTERED
  2:Object instance 'SolarSystemBarycentricInertial' for class 'ReferenceFrame' is REQUIRED and is Not Registered
  3:Object instance 'body_10' for class 'ReferenceFrame' is REQUIRED and is Not Registered
  4:Object instance 'orbital_vessel' for class 'PhysicalEntity' is REQUIRED and is Not Registered
[00m|L   0|2026/09/29,01:42:43.608745|{host}| |T 0|0.000000| [00mFedAmb::discoverObjectInstance():658 DISCOVERED 'SolarSystemBarycentricInertial' Instance-ID:HandleKind<102>
[00m|L   0|2026/09/29,01:42:43.609632|{host}| |T 0|0.000000| [00mManager::discover_object_instance():2652 Data-Object 'SolarSystemBarycentricInertial' Instance-ID:HandleKind<102>
[00m|L   0|2026/09/29,01:42:43.610061|{host}| |T 0|0.000000| [00mFedAmb::discoverObjectInstance():658 DISCOVERED 'body_10' Instance-ID:HandleKind<104>
[00m|L   0|2026/09/29,01:42:43.610437|{host}| |T 0|0.000000| [00mManager::discover_object_instance():2652 Data-Object 'body_10' Instance-ID:HandleKind<104>
[00m|L   0|2026/09/29,01:42:43.610845|{host}| |T 0|0.000000| [00mFedAmb::discoverObjectInstance():658 DISCOVERED 'body_399' Instance-ID:HandleKind<108>
[00m|L   2|2026/09/29,01:42:43.611237|{host}| |T 0|0.000000| [33mFedAmb::discoverObjectInstance():676 Object 'body_399' with Instance-ID:HandleKind<108> is UNKNOWN to me!
[00m|L   0|2026/09/29,01:42:43.611677|{host}| |T 0|0.000000| [00mFedAmb::discoverObjectInstance():658 DISCOVERED 'body_606' Instance-ID:HandleKind<111>
[00m|L   2|2026/09/29,01:42:43.612094|{host}| |T 0|0.000000| [33mFedAmb::discoverObjectInstance():676 Object 'body_606' with Instance-ID:HandleKind<111> is UNKNOWN to me!
[00m|L   0|2026/09/29,01:42:43.612504|{host}| |T 0|0.000000| [00mFedAmb::discoverObjectInstance():658 DISCOVERED 'body_799' Instance-ID:HandleKind<113>
[00m|L   2|2026/09/29,01:42:43.612922|{host}| |T 0|0.000000| [33mFedAmb::discoverObjectInstance():676 Object 'body_799' with Instance-ID:HandleKind<113> is UNKNOWN to me!
[00m|L   0|2026/09/29,01:42:43.613390|{host}| |T 0|0.000000| [00mFedAmb::discoverObjectInstance():658 DISCOVERED 'body_299' Instance-ID:HandleKind<106>
[00m|L   2|2026/09/29,01:42:43.613800|{host}| |T 0|0.000000| [33mFedAmb::discoverObjectInstance():676 Object 'body_299' with Instance-ID:HandleKind<106> is UNKNOWN to me!
[00m|L   0|2026/09/29,01:42:43.614224|{host}| |T 0|0.000000| [00mFedAmb::discoverObjectInstance():658 DISCOVERED 'body_301' Instance-ID:HandleKind<107>
[00m|L   2|2026/09/29,01:42:43.614622|{host}| |T 0|0.000000| [33mFedAmb::discoverObjectInstance():676 Object 'body_301' with Instance-ID:HandleKind<107> is UNKNOWN to me!
[00m|L   0|2026/09/29,01:42:43.615062|{host}| |T 0|0.000000| [00mFedAmb::discoverObjectInstance():658 DISCOVERED 'orbital_vessel' Instance-ID:HandleKind<103>
[00m|L   0|2026/09/29,01:42:43.615460|{host}| |T 0|0.000000| [00mManager::discover_object_instance():2652 Data-Object 'orbital_vessel' Instance-ID:HandleKind<103>
[00m|L   0|2026/09/29,01:42:43.615880|{host}| |T 0|0.000000| [00mFedAmb::discoverObjectInstance():658 DISCOVERED 'body_8' Instance-ID:HandleKind<114>
[00m|L   2|2026/09/29,01:42:43.616285|{host}| |T 0|0.000000| [33mFedAmb::discoverObjectInstance():676 Object 'body_8' with Instance-ID:HandleKind<114> is UNKNOWN to me!
[00m|L   0|2026/09/29,01:42:43.616784|{host}| |T 0|0.000000| [00mFedAmb::discoverObjectInstance():658 DISCOVERED 'body_699' Instance-ID:HandleKind<112>
[00m|L   2|2026/09/29,01:42:43.617177|{host}| |T 0|0.000000| [33mFedAmb::discoverObjectInstance():676 Object 'body_699' with Instance-ID:HandleKind<112> is UNKNOWN to me!
[00m|L   0|2026/09/29,01:42:43.617582|{host}| |T 0|0.000000| [00mFedAmb::discoverObjectInstance():658 DISCOVERED 'body_199' Instance-ID:HandleKind<105>
[00m|L   2|2026/09/29,01:42:43.617968|{host}| |T 0|0.000000| [33mFedAmb::discoverObjectInstance():676 Object 'body_199' with Instance-ID:HandleKind<105> is UNKNOWN to me!
[00m|L   0|2026/09/29,01:42:43.619239|{host}| |T 0|0.000000| [00mManager::wait_for_registration_of_required_objects():2005
REQUIRED-OBJECTS:4  Total-Objects:4
  1:Object instance 'ExCO' (ID:HandleKind<101>) for class 'ExecutionConfiguration' is REQUIRED and is REGISTERED
  2:Object instance 'SolarSystemBarycentricInertial' (ID:HandleKind<102>) for class 'ReferenceFrame' is REQUIRED and is REGISTERED
  3:Object instance 'body_10' (ID:HandleKind<104>) for class 'ReferenceFrame' is REQUIRED and is REGISTERED
  4:Object instance 'orbital_vessel' (ID:HandleKind<103>) for class 'PhysicalEntity' is REQUIRED and is REGISTERED
[00m|L   0|2026/09/29,01:42:43.619675|{host}| |T 0|0.000000| [00mManager::setup_preferred_order_with_RTI():1877
[00m|L   0|2026/09/29,01:42:43.620131|{host}| |T 0|0.000000| [00mSyncPointManagerBase::achieve_sync_point_and_wait_for_synchronization():713 Label:'objects_discovered'
[00m|L   0|2026/09/29,01:42:43.620592|{host}| |T 0|0.000000| [00mSyncPointList::achieve_sync_point():877 Known Sync-point [objects_discovered] -- SYNC_PT_STATE_ANNOUNCED
[00m|L   0|2026/09/29,01:42:43.621213|{host}| |T 0|0.000000| [00mSyncPointList::wait_for_synchronized():1118 Sync-point 'objects_discovered'
[00m|L   0|2026/09/29,01:42:43.622440|{host}| |T 0|0.000000| [00mFedAmb::federationSynchronized():302 Label:'objects_discovered'
[00m|L   0|2026/09/29,01:42:43.622948|{host}| |T 0|0.000000| [00mSyncPointManagerBase::sync_point_federation_synchronized():947 Sync-point synchronized:'objects_discovered'
[00m|L   0|2026/09/29,01:42:43.631764|{host}| |T 0|0.000000| [00mSyncPointManagerBase::print_sync_points():809
SyncPointManagerBase::to_string():753 Number of Sync-Point Lists:2
SyncPointList::to_string():1177 List:'SpaceFOM' List-size:7
0:'SpaceFOM' Sync-point:[mtr_run] -- SYNC_PT_STATE_KNOWN
1:'SpaceFOM' Sync-point:[mtr_freeze] -- SYNC_PT_STATE_KNOWN
2:'SpaceFOM' Sync-point:[mtr_shutdown] -- SYNC_PT_STATE_KNOWN
3:'SpaceFOM' Sync-point:[objects_discovered] -- SYNC_PT_STATE_SYNCHRONIZED
4:'SpaceFOM' Sync-point:[root_frame_discovered] -- SYNC_PT_STATE_ANNOUNCED
5:'SpaceFOM' Sync-point:[initialization_completed] -- SYNC_PT_STATE_KNOWN
6:'SpaceFOM' Sync-point:[initialization_started] -- SYNC_PT_STATE_ANNOUNCED
SyncPointList::to_string():1177 List:'Unknown' List-size:1
0:'Unknown' Sync-point:[prototype_metadata] -- SYNC_PT_STATE_ACHIEVED
[00m|L   0|2026/09/29,01:42:43.632493|{host}| |T 0|0.000000| [00mSpaceFOM::ExecutionConfiguration::wait_for_update():652 Waiting...
[00m|L   0|2026/09/29,01:42:43.633047|{host}| |T 0|0.000000| [00mSpaceFOM::ExecutionConfiguration::wait_for_update():698 Received data.
[00m|L   0|2026/09/29,01:42:43.634548|{host}| |T 0|0.000000| [00m
=============================================================
SpaceFOM::ExecutionConfiguration::unpack():307
        Current Scenario Time: 0 (0)
      Current Simulation Time: 0 (0)
     Current HLA Granted Time: 0 (0)
   Current HLA Requested Time: 0 (0)
.............................................................
                  Object-Name: 'ExCO'
              root_frame_name: 'SolarSystemBarycentricInertial'
          scenario_time_epoch: 7529673600.00018024
      next_mode_scenario_time: 7529673600.00018024
           next_mode_cte_time: -1.79769313486231571e+308
       current_execution_mode: EXEC_MODE_INITIALIZING
          next_execution_mode: EXEC_MODE_INITIALIZING
       least_common_time_step: 15625 (unit:microseconds)
=============================================================
[00m|L   0|2026/09/29,01:42:43.635054|{host}| |T 0|0.000000| [00mSpaceFOM::ExecutionControl::receive_root_ref_frame():2926 Waiting...
[00m|L   0|2026/09/29,01:42:43.635485|{host}| |T 0|0.000000| [00mSpaceFOM::ExectionControl::receive_root_ref_frame():2972 Received data.
[00m|L   0|2026/09/29,01:42:43.636038|{host}| |T 0|0.000000| [00mRefFrameBase::unpack():585
	Object-Name: 'SolarSystemBarycentricInertial'
	time:   7529673600.00018
	name:   'SolarSystemBarycentricInertial'
	parent: ''
	position: 		0, 		0, 		0
	velocity: 		0, 		0, 		0
	acceleration: 		0, 		0, 		0
	attitude (s,v): 		1; 		0, 		0, 		0
	attitude (RPY){deg}: 		-0, 		0, 		-0
	angular velocity: 		0, 		0, 		0
	angular acceleration: 		0, 		0, 		0

[00mINTEROP object=SolarSystemBarycentricInertial tick=0 hla_time_us=0 time=7529673600.0001802 pos=0,0,0 vel=0,0,0 quat=1,0,0,0 ang_vel=0,0,0
|L   0|2026/09/29,01:42:43.636733|{host}| |T 0|0.000000| [00mSpaceFOM::ExecutionConfiguration::wait_for_update():652 Waiting...
[00m|L   0|2026/09/29,01:43:13.637159|{host}| |T 0|0.000000| [00mSpaceFOM::ExecutionConfiguration::wait_for_update():691 Waiting...
[00m|L   0|2026/09/29,01:43:14.885910|{host}| |T 0|0.000000| [00mFedAmb::federationSynchronized():302 Label:'prototype_metadata'
[00m|L   0|2026/09/29,01:43:14.886526|{host}| |T 0|0.000000| [00mSyncPointManagerBase::sync_point_federation_synchronized():947 Sync-point synchronized:'prototype_metadata'
[00m|L   0|2026/09/29,01:43:14.887412|{host}| |T 0|0.000000| [00mFedAmb::removeObjectInstance():1063 Instance-ID:HandleKind<101> Valid-ID:Yes
[00m|L   0|2026/09/29,01:43:14.887858|{host}| |T 0|0.000000| [00mExecutionControlBase::mark_object_as_deleted_from_federation():845 Object 'ExCO' Instance-ID:HandleKind<101> Valid-ID:Yes
[00m|L   0|2026/09/29,01:43:14.888294|{host}| |T 0|0.000000| [00mObject::mark_all_attributes_as_nonlocal():775
  Object:'ExCO' FOM-Name:'ExecutionConfiguration Instance-ID:HandleKind<101>
   1/7 FOM-Attribute:'root_frame_name' Trick-Name:'THLA.ExCO.root_frame_name' locally_owned: No
   2/7 FOM-Attribute:'scenario_time_epoch' Trick-Name:'THLA.ExCO.scenario_time_epoch' locally_owned: No
   3/7 FOM-Attribute:'next_mode_scenario_time' Trick-Name:'THLA.ExCO.next_mode_scenario_time' locally_owned: No
   4/7 FOM-Attribute:'next_mode_cte_time' Trick-Name:'THLA.ExCO.next_mode_cte_time' locally_owned: No
   5/7 FOM-Attribute:'current_execution_mode' Trick-Name:'THLA.ExCO.current_execution_mode' locally_owned: No
   6/7 FOM-Attribute:'next_execution_mode' Trick-Name:'THLA.ExCO.next_execution_mode' locally_owned: No
   7/7 FOM-Attribute:'least_common_time_step' Trick-Name:'THLA.ExCO.least_common_time_step' locally_owned: No
[00m|L   2|2026/09/29,01:43:14.888369|{host}| |T 0|0.000000| [33mSpaceFOM::ExecutionControl::check_for_shutdown_with_termination():2441 WARNING: This Federate 'orbital_observer' detected a Execution Configuration Object (ExCO) deleted from the RTI for the 'orbital_8989' Federation.
[00m|L   0|2026/09/29,01:43:14.888721|{host}| |T 0|0.000000| [00mObject::remove_object_instance():730 Object 'ExCO' Instance-ID:HandleKind<0> Valid-ID:No
[00m|L   0|2026/09/29,01:43:14.889445|{host}| |T 0|0.000000| [00mFederate::shutdown():3397
[00m|L   0|2026/09/29,01:43:14.889502|{host}| |T 0|0.000000| [00mFedAmb::removeObjectInstance():1063 Instance-ID:HandleKind<102> Valid-ID:Yes
[00m|L   0|2026/09/29,01:43:14.889967|{host}| |T 0|0.000000| [00mTimeManagementServices::shutdown_time_constrained():1506 HLA Time Constrained Already Disabled.
[00m|L   0|2026/09/29,01:43:14.890373|{host}| |T 0|0.000000| [00mManager::mark_object_as_deleted_from_federation():2780 Object 'SolarSystemBarycentricInertial' Instance-ID:HandleKind<102> Valid-ID:Yes
[00m|L   0|2026/09/29,01:43:14.890850|{host}| |T 0|0.000000| [00mTimeManagementServices::shutdown_time_regulating():1568 HLA Time Regulation Already Disabled.
[00m|L   0|2026/09/29,01:43:14.891272|{host}| |T 0|0.000000| [00mObject::mark_all_attributes_as_nonlocal():775
  Object:'SolarSystemBarycentricInertial' FOM-Name:'ReferenceFrame Instance-ID:HandleKind<102>
   1/3 FOM-Attribute:'name' Trick-Name:'root_ref_frame.frame_packing.packing_data.name' locally_owned: No
   2/3 FOM-Attribute:'parent_name' Trick-Name:'root_ref_frame.frame_packing.packing_data.parent_name' locally_owned: No
   3/3 FOM-Attribute:'state' Trick-Name:'root_ref_frame.frame_packing.stc_encoder.buffer' locally_owned: No
[00m|L   0|2026/09/29,01:43:14.891632|{host}| |T 0|0.000000| [00mFederate::resign():3513 Attempting to resign from Federation 'orbital_8989'
[00m|L   0|2026/09/29,01:43:14.891994|{host}| |T 0|0.000000| [00mObject::remove_object_instance():730 Object 'SolarSystemBarycentricInertial' Instance-ID:HandleKind<0> Valid-ID:No
[00m|L   0|2026/09/29,01:43:14.892814|{host}| |T 0|0.000000| [00mFedAmb::removeObjectInstance():1063 Instance-ID:HandleKind<103> Valid-ID:Yes
[00m|L   0|2026/09/29,01:43:14.893198|{host}| |T 0|0.000000| [00mManager::mark_object_as_deleted_from_federation():2780 Object 'orbital_vessel' Instance-ID:HandleKind<103> Valid-ID:Yes
[00m|L   0|2026/09/29,01:43:14.893701|{host}| |T 0|0.000000| [00mObject::mark_all_attributes_as_nonlocal():775
  Object:'orbital_vessel' FOM-Name:'PhysicalEntity Instance-ID:HandleKind<103>
   1/9 FOM-Attribute:'name' Trick-Name:'physical_entity.entity_packing.pe_packing_data.name' locally_owned: No
   2/9 FOM-Attribute:'type' Trick-Name:'physical_entity.entity_packing.pe_packing_data.type' locally_owned: No
   3/9 FOM-Attribute:'status' Trick-Name:'physical_entity.entity_packing.pe_packing_data.status' locally_owned: No
   4/9 FOM-Attribute:'parent_reference_frame' Trick-Name:'physical_entity.entity_packing.pe_packing_data.parent_frame' locally_owned: No
   5/9 FOM-Attribute:'state' Trick-Name:'physical_entity.entity_packing.stc_encoder.buffer' locally_owned: No
   6/9 FOM-Attribute:'acceleration' Trick-Name:'physical_entity.entity_packing.pe_packing_data.accel' locally_owned: No
   7/9 FOM-Attribute:'rotational_acceleration' Trick-Name:'physical_entity.entity_packing.pe_packing_data.ang_accel' locally_owned: No
   8/9 FOM-Attribute:'center_of_mass' Trick-Name:'physical_entity.entity_packing.pe_packing_data.cm' locally_owned: No
   9/9 FOM-Attribute:'body_wrt_structural' Trick-Name:'physical_entity.entity_packing.quat_encoder.buffer' locally_owned: No
[00m|L   0|2026/09/29,01:43:14.894066|{host}| |T 0|0.000000| [00mObject::remove_object_instance():730 Object 'orbital_vessel' Instance-ID:HandleKind<0> Valid-ID:No
[00m|L   0|2026/09/29,01:43:14.894433|{host}| |T 0|0.000000| [00mFedAmb::removeObjectInstance():1063 Instance-ID:HandleKind<104> Valid-ID:Yes
[00m|L   0|2026/09/29,01:43:14.894760|{host}| |T 0|0.000000| [00mManager::mark_object_as_deleted_from_federation():2780 Object 'body_10' Instance-ID:HandleKind<104> Valid-ID:Yes
[00m|L   0|2026/09/29,01:43:14.895163|{host}| |T 0|0.000000| [00mObject::mark_all_attributes_as_nonlocal():775
  Object:'body_10' FOM-Name:'ReferenceFrame Instance-ID:HandleKind<104>
   1/3 FOM-Attribute:'name' Trick-Name:'leaf_ref_frame.frame_packing.packing_data.name' locally_owned: No
   2/3 FOM-Attribute:'parent_name' Trick-Name:'leaf_ref_frame.frame_packing.packing_data.parent_name' locally_owned: No
   3/3 FOM-Attribute:'state' Trick-Name:'leaf_ref_frame.frame_packing.stc_encoder.buffer' locally_owned: No
[00m|L   0|2026/09/29,01:43:14.895539|{host}| |T 0|0.000000| [00mObject::remove_object_instance():730 Object 'body_10' Instance-ID:HandleKind<0> Valid-ID:No
[00m|L   0|2026/09/29,01:43:14.895891|{host}| |T 0|0.000000| [00mFedAmb::removeObjectInstance():1063 Instance-ID:HandleKind<105> Valid-ID:Yes
[00m|L   0|2026/09/29,01:43:14.896248|{host}| |T 0|0.000000| [00mFedAmb::removeObjectInstance():1063 Instance-ID:HandleKind<106> Valid-ID:Yes
[00m|L   0|2026/09/29,01:43:14.896606|{host}| |T 0|0.000000| [00mFedAmb::removeObjectInstance():1063 Instance-ID:HandleKind<107> Valid-ID:Yes
[00m|L   0|2026/09/29,01:43:14.896953|{host}| |T 0|0.000000| [00mFedAmb::removeObjectInstance():1063 Instance-ID:HandleKind<108> Valid-ID:Yes
[00m|L   0|2026/09/29,01:43:14.897346|{host}| |T 0|0.000000| [00mFedAmb::removeObjectInstance():1063 Instance-ID:HandleKind<109> Valid-ID:Yes
[00m|L   0|2026/09/29,01:43:14.897756|{host}| |T 0|0.000000| [00mFedAmb::removeObjectInstance():1063 Instance-ID:HandleKind<110> Valid-ID:Yes
[00m|L   0|2026/09/29,01:43:14.898130|{host}| |T 0|0.000000| [00mFedAmb::removeObjectInstance():1063 Instance-ID:HandleKind<111> Valid-ID:Yes
[00m|L   0|2026/09/29,01:43:14.898515|{host}| |T 0|0.000000| [00mFedAmb::removeObjectInstance():1063 Instance-ID:HandleKind<112> Valid-ID:Yes
[00m|L   0|2026/09/29,01:43:14.898914|{host}| |T 0|0.000000| [00mFedAmb::removeObjectInstance():1063 Instance-ID:HandleKind<113> Valid-ID:Yes
[00m|L   0|2026/09/29,01:43:14.899366|{host}| |T 0|0.000000| [00mFedAmb::removeObjectInstance():1063 Instance-ID:HandleKind<114> Valid-ID:Yes
[00m|L   0|2026/09/29,01:43:14.903009|{host}| |T 0|0.000000| [00mFederate::resign():3523 Resigned from Federation 'orbital_8989'
[00m|L   0|2026/09/29,01:43:14.903496|{host}| |T 0|0.000000| [00mFederate::destroy():3819 Attempting to Destroy Federation 'orbital_8989'.
[00m|L   0|2026/09/29,01:43:14.907205|{host}| |T 0|0.000000| [00mFederate::destroy():3829 Destroyed Federation 'orbital_8989'.
[00m|L   0|2026/09/29,01:43:14.907815|{host}| |T 0|0.000000| [00mFederate::destroy():3890 Attempting to disconnect from RTI.
[00m|L   0|2026/09/29,01:43:14.911863|{host}| |T 0|0.000000| [00mFederate::destroy():3900 Disconnected from RTI.
[00m|L   3|2026/09/29,01:43:15.415427|{host}| |T 0|0.000000| [31mSpaceFOM::ExecutionControl::check_for_shutdown_with_termination():2441 WARNING: This Federate 'orbital_observer' detected a Execution Configuration Object (ExCO) deleted from the RTI for the 'orbital_8989' Federation.
[00m|L   0|2026/09/29,01:43:16.207121|{host}| |T 0|0.000000| [00m
SIMULATION TERMINATED IN
  PROCESS: 0
  ROUTINE: {work}/TrickHLA/source/TrickHLA/DebugHandler.cpp:0
  DIAGNOSTIC: SpaceFOM::ExecutionControl::check_for_shutdown_with_termination():2441 WARNING: This Federate 'orbital_observer' detected a Execution Configuration Object (ExCO) deleted from the RTI for the 'orbital_8989' Federation.


              SIMULATION START TIME:        0.000
               SIMULATION STOP TIME:        0.000
            SIMULATION ELAPSED TIME:        0.000
                 USER CPU TIME USED:        4.465
               SYSTEM CPU TIME USED:        1.643
              SIMULATION / CPU TIME:        0.000
       INITIALIZATION USER CPU TIME:        0.000
     INITIALIZATION SYSTEM CPU TIME:        0.000
               SIMULATION RAM USAGE:      201.727MB
      (External program RAM usage not included!)
  VOLUNTARY CONTEXT SWITCHES (INIT):            0
INVOLUNTARY CONTEXT SWITCHES (INIT):            0
   VOLUNTARY CONTEXT SWITCHES (RUN):       321909
 INVOLUNTARY CONTEXT SWITCHES (RUN):           14

[00m